-- Boost version: 1.69.0
-- Found the following Boost libraries:
--   thread
--   system
--   filesystem
--   chrono
--   date_time
--   atomic
-- Configuring done
-- Generating done
-- Build files have been written to: /home/lumi/code/cpp/d++cord/bin
[100%] Built target dppcord
[100%] Built target dppcord
Install the project...
-- Install configuration: "Debug"
-- Up-to-date: /usr/lib64/libdppcord.so.0.3.0
-- Up-to-date: /usr/lib64/libdppcord.so.1
-- Up-to-date: /usr/lib64/libdppcord.so
-- Configuring done
-- Generating done
-- Build files have been written to: /home/lumi/code/cpp/d++cord/plugins/example_plugin
[100%] Built target example_plugin
-- Configuring done
-- Generating done
-- Build files have been written to: /home/lumi/code/cpp/d++cord/example
[ 50%] Building CXX object CMakeFiles/Example.dir/bot.cpp.o
id-107991721442312192
last_claimed-1557441359
last_experience_gained-1557441359
money-0
id-557464787194347521
last_claimed-1557441359
last_experience_gained-1557441359
money-0
id-361997421015728154
last_claimed-1557441359
last_experience_gained-1557441359
money-0
id-558237597550379018
last_claimed-1557441359
last_experience_gained-1557441359
money-0
id-378530521489211394
last_claimed-1557441359
last_experience_gained-1557441359
money-0
id-222853163840045057
last_claimed-1557441359
last_experience_gained-1557441359
money-0
id-562436125499850753
last_claimed-1557441359
last_experience_gained-1557441359
money-0
id-434224104174911488
last_claimed-1557441359
last_experience_gained-1557441359
money-0
id-378009372485222420
last_claimed-1557441359
last_experience_gained-1557441359
money-0
id-251304966466043904
last_claimed-1557441359
last_experience_gained-1557441359
money-0
id-268845555545931778
last_claimed-1557441359
last_experience_gained-1557441359
money-0
id-303614723260284929
last_claimed-1557441359
last_experience_gained-1557441359
money-0
id-456956220771663872
last_claimed-1557441359
last_experience_gained-1557441359
money-0
id-269500610238349312
last_claimed-1557441359
last_experience_gained-1557441359
money-0
id-192018847862095872
last_claimed-1557441359
last_experience_gained-1557441359
money-0
id-140608920333844481
last_claimed-1557441359
last_experience_gained-1557441359
money-0
id-483362610054692865
last_claimed-1557441359
last_experience_gained-1557441359
money-0
id-340481329693196290
last_claimed-1557441359
last_experience_gained-1557441359
money-0
id-211387628514312193
last_claimed-1557441359
last_experience_gained-1557441359
money-0
id-308992631927603200
last_claimed-1557441359
last_experience_gained-1557441359
money-0
id-340392872299855872
last_claimed-1557441359
last_experience_gained-1557441359
money-0
id-493224032167002123
last_claimed-1557441359
last_experience_gained-1557441359
money-0
id-323919149501775872
last_claimed-1557441359
last_experience_gained-1557441359
money-0
id-294209961431400448
last_claimed-1557441359
last_experience_gained-1557441359
money-0
id-254616845506707467
last_claimed-1557441359
last_experience_gained-1557441359
money-0
id-422481342253498379
last_claimed-1557441359
last_experience_gained-1557441359
money-0
id-350810119103053824
last_claimed-1557441359
last_experience_gained-1557441359
money-0
id-181681317115592704
last_claimed-1557441359
last_experience_gained-1557441359
money-0
id-105297201751678976
last_claimed-1557441359
last_experience_gained-1557441359
money-0
id-147479402890919937
last_claimed-1557441359
last_experience_gained-1557441359
money-0
id-275113065350037505
last_claimed-1557441359
last_experience_gained-1557441359
money-0
id-95524002079977472
last_claimed-1557441359
last_experience_gained-1557441359
money-0
id-254846586536984577
last_claimed-1557441359
last_experience_gained-1557441359
money-0
id-571778545144037390
last_claimed-1557441359
last_experience_gained-1557441359
money-0
id-543892924077703206
last_claimed-1557441359
last_experience_gained-1557441359
money-0
id-312401885115973632
last_claimed-1557441359
last_experience_gained-1557441359
money-0
id-501634243265429505
last_claimed-1557441359
last_experience_gained-1557441359
money-0
id-162033180776464384
last_claimed-1557441359
last_experience_gained-1557441359
money-0
id-351723839035539458
last_claimed-1557441359
last_experience_gained-1557441359
money-0
id-541834885187371019
last_claimed-1557441359
last_experience_gained-1557441359
money-0
id-535719686059327498
last_claimed-1557441359
last_experience_gained-1557441359
money-0
id-533745902691811328
last_claimed-1557441359
last_experience_gained-1557441359
money-0
id-353295800559861763
last_claimed-1557441359
last_experience_gained-1557441359
money-0
id-321880168006418432
last_claimed-1557441359
last_experience_gained-1557441359
money-0
id-256894688223690752
last_claimed-1557441359
last_experience_gained-1557441359
money-0
id-568933975154884649
last_claimed-1557441359
last_experience_gained-1557441359
money-0
id-127585289957933056
last_claimed-1557441359
last_experience_gained-1557441359
money-0
id-265445993393160193
last_claimed-1557441359
last_experience_gained-1557441359
money-0
id-421391796027785226
last_claimed-1557441359
last_experience_gained-1557441359
money-0
id-560156787127484426
last_claimed-1557441359
last_experience_gained-1557441359
money-0
id-253514918899351552
last_claimed-1557441359
last_experience_gained-1557441359
money-0
id-495477603919069194
last_claimed-1557441359
last_experience_gained-1557441359
money-0
id-325893234981339138
last_claimed-1557441359
last_experience_gained-1557441359
money-0
id-183810113910341632
last_claimed-1557441359
last_experience_gained-1557441359
money-0
id-187025932144476160
last_claimed-1557441359
last_experience_gained-1557441359
money-0
id-148698172624076800
last_claimed-1557441359
last_experience_gained-1557441359
money-0
id-308911222244245504
last_claimed-1557441359
last_experience_gained-1557441359
money-0
id-224862288027320321
last_claimed-1557441359
last_experience_gained-1557441359
money-0
id-325336402617171969
last_claimed-1557441359
last_experience_gained-1557441359
money-0
id-461149556923564035
last_claimed-1557441359
last_experience_gained-1557441359
money-0
id-282496573101965312
last_claimed-1557441359
last_experience_gained-1557441359
money-0
id-543581570603417605
last_claimed-1557441359
last_experience_gained-1557441359
money-0
id-288752956583444482
last_claimed-1557441359
last_experience_gained-1557441359
money-0
id-291457329780490242
last_claimed-1557441359
last_experience_gained-1557441359
money-0
id-338787183123234818
last_claimed-1557441359
last_experience_gained-1557441359
money-0
id-306397124508123146
last_claimed-1557441359
last_experience_gained-1557441359
money-0
id-443623920130588673
last_claimed-1557441359
last_experience_gained-1557441359
money-0
id-255194321295245312
last_claimed-1557441359
last_experience_gained-1557441359
money-0
id-273374812066414592
last_claimed-1557441359
last_experience_gained-1557441359
money-0
id-105969950383951872
last_claimed-1557441359
last_experience_gained-1557441359
money-0
id-187169824542162944
last_claimed-1557441359
last_experience_gained-1557441359
money-0
id-340433894694191105
last_claimed-1557441359
last_experience_gained-1557441359
money-0
id-317320941652672512
last_claimed-1557441359
last_experience_gained-1557441359
money-0
id-462713266611814423
last_claimed-1557441359
last_experience_gained-1557441359
money-0
id-379573094064586753
last_claimed-1557441359
last_experience_gained-1557441359
money-0
id-142733073262444545
last_claimed-0
last_experience_gained-1557441359
money-42000
id-316761433209831424
last_claimed-1557441359
last_experience_gained-1557441359
money-0
id-485480897261469706
last_claimed-1557441359
last_experience_gained-1557441359
money-0
id-355830513875025930
last_claimed-1557441359
last_experience_gained-1557441359
money-0
id-359089623861035019
last_claimed-1557441359
last_experience_gained-1557441359
money-0
id-324826262990487552
last_claimed-1557441359
last_experience_gained-1557441359
money-0
id-574311498386636800
last_claimed-1557441359
last_experience_gained-1557441359
money-0
id-364982326691758091
last_claimed-1557441359
last_experience_gained-1557441359
money-0
id-312726544390946828
last_claimed-1557441359
last_experience_gained-1557441359
money-0
id-568661266990891019
last_claimed-1557441359
last_experience_gained-1557441359
money-0
id-547419678708989952
last_claimed-1557441359
last_experience_gained-1557441359
money-0
id-328995240440758272
last_claimed-1557441359
last_experience_gained-1557441359
money-0
id-302244076604882945
last_claimed-1557441359
last_experience_gained-1557441359
money-0
id-183488628670857216
last_claimed-1557441359
last_experience_gained-1557441359
money-0
id-164211028278771713
last_claimed-1557441359
last_experience_gained-1557441359
money-0
id-242127293458284547
last_claimed-1557441359
last_experience_gained-1557441359
money-0
id-454479702288236555
last_claimed-1557441359
last_experience_gained-1557441359
money-0
id-211387690665377794
last_claimed-1557441359
last_experience_gained-1557441359
money-0
id-458641776446799873
last_claimed-1557441359
last_experience_gained-1557441359
money-0
id-216453485015597056
last_claimed-1557441359
last_experience_gained-1557441359
money-0
id-446033299454951435
last_claimed-1557441359
last_experience_gained-1557441359
money-0
id-281178371625320448
last_claimed-1557441359
last_experience_gained-1557441359
money-0
id-386450880846888961
last_claimed-1557441359
last_experience_gained-1557441359
money-0
id-389630944463552512
last_claimed-1557441359
last_experience_gained-1557441359
money-0
id-398933755584184321
last_claimed-1557441359
last_experience_gained-1557441359
money-0
id-544898410688544776
last_claimed-1557441359
last_experience_gained-1557441359
money-0
id-155821616574627840
last_claimed-1557441359
last_experience_gained-1557441359
money-0
id-158996336719560704
last_claimed-1557441359
last_experience_gained-1557441359
money-0
id-557288007804125184
last_claimed-1557441359
last_experience_gained-1557441359
money-0
id-424771191774117899
last_claimed-1557441359
last_experience_gained-1557441359
money-0
id-396443254926868493
last_claimed-1557441359
last_experience_gained-1557441359
money-0
id-151963609688309760
last_claimed-1557441359
last_experience_gained-1557441359
money-0
id-367845625313886208
last_claimed-1557441359
last_experience_gained-1557441359
money-0
id-158382261857812481
last_claimed-1557441359
last_experience_gained-1557441359
money-0
id-452756064039862282
last_claimed-1557441359
last_experience_gained-1557441359
money-0
id-383514461191012352
last_claimed-1557441359
last_experience_gained-1557441359
money-0
id-571890137357615104
last_claimed-1557441359
last_experience_gained-1557441359
money-0
id-244604198677774336
last_claimed-1557441359
last_experience_gained-1557441359
money-0
id-406098294490660865
last_claimed-1557441359
last_experience_gained-1557441359
money-0
id-356213210820378624
last_claimed-1557441359
last_experience_gained-1557441359
money-0
id-374592889117868033
last_claimed-1557441359
last_experience_gained-1557441359
money-0
id-569259492374478849
last_claimed-1557441359
last_experience_gained-1557441359
money-0
id-493171141368872980
last_claimed-1557441359
last_experience_gained-1557441359
money-0
id-127704417712603136
last_claimed-1557441359
last_experience_gained-1557441359
money-0
id-418427602936528926
last_claimed-1557441359
last_experience_gained-1557441359
money-0
id-537246667959697427
last_claimed-1557441359
last_experience_gained-1557441359
money-0
id-266636899790094347
last_claimed-1557441359
last_experience_gained-1557441359
money-0
id-392830543504605186
last_claimed-1557441359
last_experience_gained-1557441359
money-0
id-527805656061706243
last_claimed-1557441359
last_experience_gained-1557441359
money-0
id-234705081444859904
last_claimed-1557441359
last_experience_gained-1557441359
money-0
id-345754341522669568
last_claimed-1557441359
last_experience_gained-1557441359
money-0
id-376881676082479125
last_claimed-1557441359
last_experience_gained-1557441359
money-0
id-277917237778841600
last_claimed-1557441359
last_experience_gained-1557441359
money-0
id-374920387085205515
last_claimed-1557441359
last_experience_gained-1557441359
money-0
id-197764531110281216
last_claimed-1557441359
last_experience_gained-1557441359
money-0
id-454083996129951745
last_claimed-1557441359
last_experience_gained-1557441359
money-0
id-436121641437626370
last_claimed-1557441359
last_experience_gained-1557441359
money-0
id-355655551444582401
last_claimed-1557441359
last_experience_gained-1557441359
money-0
id-217759219007356929
last_claimed-1557441359
last_experience_gained-1557441359
money-0
id-216560219428356106
last_claimed-1557441359
last_experience_gained-1557441359
money-0
id-532350580765622293
last_claimed-1557441359
last_experience_gained-1557441359
money-0
id-286026612900626433
last_claimed-1557441359
last_experience_gained-1557441359
money-0
id-403279995700510732
last_claimed-1557441359
last_experience_gained-1557441359
money-0
id-301176707191144448
last_claimed-1557441359
last_experience_gained-1557441359
money-0
id-308150888495579136
last_claimed-1557441359
last_experience_gained-1557441359
money-0
id-193507418183958528
last_claimed-1557441359
last_experience_gained-1557441359
money-0
id-340289158956449793
last_claimed-1557441359
last_experience_gained-1557441359
money-0
id-281606743841177610
last_claimed-1557441359
last_experience_gained-1557441359
money-0
id-302630180512595978
last_claimed-1557441359
last_experience_gained-1557441359
money-0
id-217647842339192833
last_claimed-1557441359
last_experience_gained-1557441359
money-0
id-223166085485166593
last_claimed-1557441359
last_experience_gained-1557441359
money-0
id-376830129860771840
last_claimed-1557441359
last_experience_gained-1557441359
money-0
id-301854443576492043
last_claimed-1557441359
last_experience_gained-1557441359
money-0
id-249892104086618112
last_claimed-1557441359
last_experience_gained-1557441359
money-0
id-215918512487530507
last_claimed-1557441359
last_experience_gained-1557441359
money-0
id-436114445098287104
last_claimed-1557441359
last_experience_gained-1557441359
money-0
id-477120937498771486
last_claimed-1557441359
last_experience_gained-1557441359
money-0
id-380298064549773314
last_claimed-1557441359
last_experience_gained-1557441359
money-0
id-218813755344027650
last_claimed-1557441359
last_experience_gained-1557441359
money-0
id-568248140310904835
last_claimed-1557441359
last_experience_gained-1557441359
money-0
id-444659562419716107
last_claimed-1557441359
last_experience_gained-1557441359
money-0
id-175993612180520960
last_claimed-1557441359
last_experience_gained-1557441359
money-0
id-556240682180804628
last_claimed-1557441359
last_experience_gained-1557441359
money-0
id-193798742581706752
last_claimed-1557441359
last_experience_gained-1557441359
money-0
id-343867576029282314
last_claimed-1557441359
last_experience_gained-1557441359
money-0
id-337726791009435649
last_claimed-1557441359
last_experience_gained-1557441359
money-0
id-543865467308343319
last_claimed-1557441359
last_experience_gained-1557441359
money-0
id-470756574613340181
last_claimed-1557441359
last_experience_gained-1557441359
money-0
id-521096773314281485
last_claimed-1557441359
last_experience_gained-1557441359
money-0
id-422087909634736160
last_claimed-1557441359
last_experience_gained-1557441359
money-0
id-309006193899208704
last_claimed-1557441359
last_experience_gained-1557441359
money-0
id-464605087315001344
last_claimed-1557441359
last_experience_gained-1557441359
money-0
id-168875243983601665
last_claimed-1557441359
last_experience_gained-1557441359
money-0
id-280584405972680705
last_claimed-1557441359
last_experience_gained-1557441359
money-0
id-386635708787458048
last_claimed-1557441359
last_experience_gained-1557441359
money-0
id-473532797701849108
last_claimed-1557441359
last_experience_gained-1557441359
money-0
id-369400050100731904
last_claimed-1557441359
last_experience_gained-1557441359
money-0
id-443491945545990144
last_claimed-1557441359
last_experience_gained-1557441359
money-0
id-191377886710595585
last_claimed-1557441359
last_experience_gained-1557441359
money-0
id-332984678304841728
last_claimed-1557441359
last_experience_gained-1557441359
money-0
id-202229821768597505
last_claimed-1557441359
last_experience_gained-1557441359
money-0
id-151522025440018433
last_claimed-1557441359
last_experience_gained-1557441359
money-0
id-310876104300822549
last_claimed-1557441359
last_experience_gained-1557441359
money-0
id-340705858050588682
last_claimed-1557441359
last_experience_gained-1557441359
money-0
id-484168353725022229
last_claimed-1557441359
last_experience_gained-1557441359
money-0
id-205841765826035713
last_claimed-1557441359
last_experience_gained-1557441359
money-0
id-515390584043601930
last_claimed-1557441359
last_experience_gained-1557441359
money-0
id-185656828745482242
last_claimed-1557441359
last_experience_gained-1557441359
money-0
id-307618448723410945
last_claimed-1557441359
last_experience_gained-1557441359
money-0
id-444648378199048214
last_claimed-1557441359
last_experience_gained-1557441359
money-800
id-561795988042285066
last_claimed-1557441359
last_experience_gained-1557441359
money-0
id-461640432640589844
last_claimed-1557441359
last_experience_gained-1557441359
money-0
id-218082884936794113
last_claimed-1557441359
last_experience_gained-1557441359
money-0
id-518871509138145280
last_claimed-1557441359
last_experience_gained-1557441359
money-0
id-101854638608744448
last_claimed-1557441359
last_experience_gained-1557441359
money-0
id-295277498625818624
last_claimed-1557441359
last_experience_gained-1557441359
money-0
id-274612145449205762
last_claimed-1557441359
last_experience_gained-1557441359
money-0
id-313529399431659522
last_claimed-1557441359
last_experience_gained-1557441359
money-0
id-277322889194242048
last_claimed-1557441359
last_experience_gained-1557441359
money-0
id-493245014860890136
last_claimed-1557441359
last_experience_gained-1557441359
money-0
id-329780051090604033
last_claimed-1557441359
last_experience_gained-1557441359
money-0
id-570041360867131412
last_claimed-1557441359
last_experience_gained-1557441359
money-0
id-305459130204815362
last_claimed-1557441359
last_experience_gained-1557441359
money-0
id-207217967115665425
last_claimed-1557441359
last_experience_gained-1557441359
money-0
id-475292634462814218
last_claimed-1557441359
last_experience_gained-1557441359
money-0
id-283261618895454209
last_claimed-1557441359
last_experience_gained-1557441359
money-0
id-139347343299444736
last_claimed-1557441359
last_experience_gained-1557441359
money-0
id-172002275412279296
last_claimed-1557441359
last_experience_gained-1557441359
money-0
id-538511132999024802
last_claimed-1557441359
last_experience_gained-1557441359
money-0
id-183070403164372992
last_claimed-1557441359
last_experience_gained-1557441359
money-0
id-373691296918798337
last_claimed-1557441359
last_experience_gained-1557441359
money-0
id-341584238895824902
last_claimed-1557441359
last_experience_gained-1557441359
money-0
id-532160173213614081
last_claimed-1557441359
last_experience_gained-1557441359
money-0
id-246265644431966209
last_claimed-1557441359
last_experience_gained-1557441359
money-0
id-260106161846485002
last_claimed-1557441359
last_experience_gained-1557441359
money-0
id-360802131101614081
last_claimed-1557441359
last_experience_gained-1557441359
money-0
id-328496975098019842
last_claimed-1557441359
last_experience_gained-1557441359
money-0
id-490547079043612673
last_claimed-1557441359
last_experience_gained-1557441359
money-0
id-352075905608187915
last_claimed-1557441359
last_experience_gained-1557441359
money-0
id-570562073637945345
last_claimed-1557441359
last_experience_gained-1557441359
money-0
id-523779656776810497
last_claimed-1557441359
last_experience_gained-1557441359
money-0
id-572589645544816661
last_claimed-1557441359
last_experience_gained-1557441359
money-0
id-325812856350310401
last_claimed-1557441359
last_experience_gained-1557441359
money-0
id-150012958779506688
last_claimed-1557441359
last_experience_gained-1557441359
money-0
id-555571712125829130
last_claimed-1557441359
last_experience_gained-1557441359
money-0
id-539579203973021785
last_claimed-1557441359
last_experience_gained-1557441359
money-0
id-530722961187930114
last_claimed-1557441359
last_experience_gained-1557441359
money-0
id-185009041913675776
last_claimed-1557441359
last_experience_gained-1557441359
money-0
id-297585887284428801
last_claimed-1557441359
last_experience_gained-1557441359
money-0
id-449095401304489984
last_claimed-1557441359
last_experience_gained-1557441359
money-0
id-570094812745957382
last_claimed-1557441359
last_experience_gained-1557441359
money-0
id-507667224652414988
last_claimed-1557441359
last_experience_gained-1557441359
money-0
id-302903645278699521
last_claimed-1557441359
last_experience_gained-1557441359
money-0
id-119680919337435139
last_claimed-1557441359
last_experience_gained-1557441359
money-0
id-235356451877552128
last_claimed-1557441359
last_experience_gained-1557441359
money-0
id-559533182588813364
last_claimed-1557441359
last_experience_gained-1557441359
money-0
id-223177533930078218
last_claimed-1557441359
last_experience_gained-1557441359
money-0
id-532968558850736130
last_claimed-1557441359
last_experience_gained-1557441359
money-0
id-522219446626942976
last_claimed-1557441359
last_experience_gained-1557441359
money-0
id-326716933061738496
last_claimed-1557441359
last_experience_gained-1557441359
money-0
id-235583409446060032
last_claimed-1557441359
last_experience_gained-1557441359
money-0
id-391351947355226113
last_claimed-1557441359
last_experience_gained-1557441359
money-0
id-302050872383242240
last_claimed-1557441359
last_experience_gained-1557441359
money-0
id-267190267378008093
last_claimed-1557441359
last_experience_gained-1557441359
money-0
id-118579691618697217
last_claimed-1557441359
last_experience_gained-1557441359
money-0
id-446807702174171136
last_claimed-1557441359
last_experience_gained-1557441359
money-0
id-219838316177129472
last_claimed-1557441359
last_experience_gained-1557441359
money-0
id-538800758494068737
last_claimed-1557441359
last_experience_gained-1557441359
money-0
id-274611878657916930
last_claimed-1557441359
last_experience_gained-1557441359
money-0
id-265335400682225665
last_claimed-1557441359
last_experience_gained-1557441359
money-0
id-181871000290328576
last_claimed-1557441359
last_experience_gained-1557441359
money-0
id-193828014092451841
last_claimed-1557441359
last_experience_gained-1557441359
money-0
id-198338060121800716
last_claimed-1557441359
last_experience_gained-1557441359
money-0
id-311354942205984768
last_claimed-1557441359
last_experience_gained-1557441359
money-0
id-260568864314753034
last_claimed-1557441359
last_experience_gained-1557441359
money-0
id-288760760304402443
last_claimed-1557441359
last_experience_gained-1557441359
money-0
id-365952965410029569
last_claimed-1557441359
last_experience_gained-1557441359
money-0
id-347022067159531520
last_claimed-1557441359
last_experience_gained-1557441359
money-0
id-483004251405156355
last_claimed-1557441359
last_experience_gained-1557441359
money-0
id-333095307271208970
last_claimed-1557441359
last_experience_gained-1557441359
money-0
id-336005385360244746
last_claimed-1557441359
last_experience_gained-1557441359
money-0
id-573564309829845005
last_claimed-1557441359
last_experience_gained-1557441359
money-0
id-295952832627081216
last_claimed-1557441359
last_experience_gained-1557441359
money-0
id-227549536413941770
last_claimed-1557441360
last_experience_gained-1557441359
money-0
id-352735702481633280
last_claimed-1557441360
last_experience_gained-1557441359
money-0
id-264355138838200320
last_claimed-1557441360
last_experience_gained-1557441359
money-0
id-451531546755727360
last_claimed-1557441360
last_experience_gained-1557441359
money-0
id-266334913320452097
last_claimed-1557441360
last_experience_gained-1557441359
money-0
id-538842342392856597
last_claimed-1557441360
last_experience_gained-1557441359
money-0
id-407476293412716546
last_claimed-1557441360
last_experience_gained-1557441359
money-0
id-292690744492163072
last_claimed-1557441360
last_experience_gained-1557441359
money-0
id-212681528730189824
last_claimed-1557441360
last_experience_gained-1557441359
money-0
id-144273907103432705
last_claimed-1557441360
last_experience_gained-1557441359
money-0
id-340297342332829696
last_claimed-1557441360
last_experience_gained-1557441359
money-0
id-192381862210043904
last_claimed-1557441360
last_experience_gained-1557441359
money-0
id-259385374051270657
last_claimed-1557441360
last_experience_gained-1557441359
money-0
id-260553441103839233
last_claimed-1557441360
last_experience_gained-1557441359
money-0
id-296769771695767565
last_claimed-1557441360
last_experience_gained-1557441359
money-0
id-509430136442191873
last_claimed-1557441360
last_experience_gained-1557441359
money-0
id-280050158715011072
last_claimed-1557441360
last_experience_gained-1557441359
money-0
id-491221768196063248
last_claimed-1557441360
last_experience_gained-1557441359
money-0
id-552474463065735194
last_claimed-1557441360
last_experience_gained-1557441359
money-0
id-352186268245032960
last_claimed-1557441360
last_experience_gained-1557441359
money-0
id-260169982359371787
last_claimed-1557441360
last_experience_gained-1557441359
money-0
id-254265609905373188
last_claimed-1557441360
last_experience_gained-1557441359
money-0
id-453015314016239619
last_claimed-1557441360
last_experience_gained-1557441359
money-0
id-386017741536231454
last_claimed-1557441360
last_experience_gained-1557441359
money-0
id-260712456068792322
last_claimed-1557441360
last_experience_gained-1557441359
money-0
id-324698257768972288
last_claimed-1557441360
last_experience_gained-1557441359
money-0
id-571171277566509076
last_claimed-1557441360
last_experience_gained-1557441359
money-0
id-235088799074484224
last_claimed-1557441360
last_experience_gained-1557441359
money-0
id-385955862885171200
last_claimed-1557441360
last_experience_gained-1557441359
money-0
id-334203499262771200
last_claimed-1557441360
last_experience_gained-1557441359
money-0
id-518898832004743183
last_claimed-1557441360
last_experience_gained-1557441359
money-0
id-337928154205126657
last_claimed-1557441360
last_experience_gained-1557441359
money-0
id-216707001042993152
last_claimed-1557441360
last_experience_gained-1557441359
money-0
id-243722498405826560
last_claimed-1557441360
last_experience_gained-1557441359
money-0
id-140265881501564929
last_claimed-1557441360
last_experience_gained-1557441359
money-0
id-492976046300463104
last_claimed-1557441360
last_experience_gained-1557441359
money-0
id-442111963938422804
last_claimed-1557441360
last_experience_gained-1557441359
money-0
id-505839991969284096
last_claimed-1557441360
last_experience_gained-1557441359
money-0
id-312566834962628610
last_claimed-1557441360
last_experience_gained-1557441359
money-0
id-538745019641626635
last_claimed-1557441360
last_experience_gained-1557441359
money-0
id-407928689125359627
last_claimed-1557441360
last_experience_gained-1557441359
money-0
id-376958556928344066
last_claimed-1557441360
last_experience_gained-1557441359
money-0
id-320940793915244544
last_claimed-1557441360
last_experience_gained-1557441359
money-0
id-368055507539197966
last_claimed-1557441360
last_experience_gained-1557441359
money-0
id-391781269215772673
last_claimed-1557441360
last_experience_gained-1557441359
money-0
id-496091697294344192
last_claimed-1557441360
last_experience_gained-1557441359
money-0
id-228027766065332224
last_claimed-1557441360
last_experience_gained-1557441359
money-0
id-300768032513458178
last_claimed-1557441360
last_experience_gained-1557441359
money-0
id-181463346875334656
last_claimed-1557441360
last_experience_gained-1557441359
money-0
id-531063826142199809
last_claimed-1557441360
last_experience_gained-1557441359
money-0
id-542394942035591170
last_claimed-1557441360
last_experience_gained-1557441359
money-0
id-302917100643811338
last_claimed-1557441360
last_experience_gained-1557441359
money-0
id-385924403680116737
last_claimed-1557441360
last_experience_gained-1557441359
money-0
id-444880220189884428
last_claimed-1557441360
last_experience_gained-1557441359
money-0
id-149386318512652288
last_claimed-1557441360
last_experience_gained-1557441359
money-0
id-369100732877504512
last_claimed-1557441360
last_experience_gained-1557441359
money-0
id-119108084881817602
last_claimed-1557441360
last_experience_gained-1557441359
money-0
id-135173681335762945
last_claimed-1557441360
last_experience_gained-1557441359
money-0
id-413822330083606530
last_claimed-1557441360
last_experience_gained-1557441359
money-0
id-266792587958943744
last_claimed-1557441360
last_experience_gained-1557441359
money-0
id-479117845775777792
last_claimed-1557441360
last_experience_gained-1557441359
money-0
id-457673730429026305
last_claimed-1557441360
last_experience_gained-1557441359
money-0
id-163288601013125121
last_claimed-1557441360
last_experience_gained-1557441359
money-0
id-385532938978066445
last_claimed-1557441360
last_experience_gained-1557441359
money-0
id-528049750227025930
last_claimed-1557441360
last_experience_gained-1557441359
money-0
id-141339435651301377
last_claimed-1557441360
last_experience_gained-1557441359
money-0
id-166673794746810368
last_claimed-1557441360
last_experience_gained-1557441359
money-0
id-536266370246115350
last_claimed-1557441360
last_experience_gained-1557441-- Boost version: 1.69.0
-- Found the following Boost libraries:
--   thread
--   system
--   filesystem
--   chrono
--   date_time
--   atomic
-- Configuring done
-- Generating done
-- Build files have been written to: /home/lumi/code/cpp/d++cord/bin
[100%] Built target dppcord
[100%] Built target dppcord
Install the project...
-- Install configuration: "Debug"
-- Up-to-date: /usr/lib64/libdppcord.so.0.3.0
-- Up-to-date: /usr/lib64/libdppcord.so.1
-- Up-to-date: /usr/lib64/libdppcord.so
-- Configuring done
-- Generating done
-- Build files have been written to: /home/lumi/code/cpp/d++cord/plugins/example_plugin
[100%] Built target example_plugin
-- Configuring done
-- Generating done
-- Build files have been written to: /home/lumi/code/cpp/d++cord/example
Scanning dependencies of target Example
[ 50%] Building CXX object CMakeFiles/Example.dir/bot.cpp.o
[100%] Linking CXX executable Example
[100%] Built target Example
Example Plugin loaded
